[2026-08-08 13:59:50.847] [info]    ############################################################################
[2026-08-08 13:59:50.848] [info]    CasparCG Server is distributed by the Swedish Broadcasting Corporation (SVT)
[2026-08-08 13:59:50.848] [info]    under the GNU General Public License GPLv3 or higher.
[2026-08-08 13:59:50.848] [info]    Please see LICENSE.TXT for details.
[2026-08-08 13:59:50.848] [info]    http://www.casparcg.com/
[2026-08-08 13:59:50.848] [info]    ############################################################################
[2026-08-08 13:59:50.848] [info]    Starting CasparCG Video and Graphics Playout Server 2.5.0 69e8ad5 Stable
[2026-08-08 13:59:50.852] [info]    "C:/Users\Jesus Fernandez\Desktop\Race-Core-Studio\Casparcg\casparcg.config":
[2026-08-08 13:59:50.852] [info]    -----------------------------------------
[2026-08-08 13:59:50.852] [info]    <?xml version="1.0" encoding="utf-8"?>
[2026-08-08 13:59:50.852] [info]    <configuration>
[2026-08-08 13:59:50.852] [info]       <paths>
[2026-08-08 13:59:50.852] [info]          <media-path>media/</media-path>
[2026-08-08 13:59:50.852] [info]          <log-path disable="false">log/</log-path>
[2026-08-08 13:59:50.852] [info]          <data-path>data/</data-path>
[2026-08-08 13:59:50.852] [info]          <template-path>template/</template-path>
[2026-08-08 13:59:50.852] [info]       </paths>
[2026-08-08 13:59:50.852] [info]       <lock-clear-phrase>secret</lock-clear-phrase>
[2026-08-08 13:59:50.852] [info]       <channels>
[2026-08-08 13:59:50.852] [info]          <channel>
[2026-08-08 13:59:50.852] [info]             <video-mode>1080p6000</video-mode>
[2026-08-08 13:59:50.852] [info]             <consumers>
[2026-08-08 13:59:50.852] [info]                <screen/>
[2026-08-08 13:59:50.852] [info]                <system-audio/>
[2026-08-08 13:59:50.852] [info]             </consumers>
[2026-08-08 13:59:50.852] [info]          </channel>
[2026-08-08 13:59:50.852] [info]       </channels>
[2026-08-08 13:59:50.852] [info]       <controllers>
[2026-08-08 13:59:50.852] [info]          <tcp>
[2026-08-08 13:59:50.852] [info]             <port>5250</port>
[2026-08-08 13:59:50.852] [info]             <protocol>AMCP</protocol>
[2026-08-08 13:59:50.852] [info]          </tcp>
[2026-08-08 13:59:50.852] [info]       </controllers>
[2026-08-08 13:59:50.852] [info]       <amcp>
[2026-08-08 13:59:50.852] [info]          <media-server>
[2026-08-08 13:59:50.852] [info]             <host>localhost</host>
[2026-08-08 13:59:50.852] [info]             <port>8000</port>
[2026-08-08 13:59:50.852] [info]          </media-server>
[2026-08-08 13:59:50.852] [info]       </amcp>
[2026-08-08 13:59:50.852] [info]    </configuration>
[2026-08-08 13:59:50.852] [info]    -----------------------------------------
[2026-08-08 13:59:50.852] [info]    Initialized video modes.
[2026-08-08 13:59:51.621] [info]    Initializing OpenGL Device (sfml).
[2026-08-08 13:59:51.621] [info]    Initializing OpenGL Device.
[2026-08-08 13:59:51.626] [info]    Initialized OpenGL 4.5.0 NVIDIA 596.08 NVIDIA Corporation
[2026-08-08 13:59:51.684] [info]    Initialized OpenGL Accelerated GPU Image Mixer for channel 1
[2026-08-08 13:59:51.686] [info]    video_channel[1|1080p6000] Successfully Initialized.
[2026-08-08 13:59:51.686] [info]    Initialized channels.
[2026-08-08 13:59:51.687] [info]    Initialized command repository.
[2026-08-08 13:59:51.687] [info]    Initialized image module.
[2026-08-08 13:59:51.687] [info]    Initialized ffmpeg module.
[2026-08-08 13:59:51.687] [info]    Initialized oal module.
[2026-08-08 13:59:51.695] [info]    Initialized decklink module.
[2026-08-08 13:59:51.695] [info]    Initialized screen module.
[2026-08-08 13:59:51.695] [info]    Initialized newtek module.
[2026-08-08 13:59:51.696] [info]    Initialized artnet module.
[2026-08-08 13:59:51.696] [info]    [html] Using CEF cache path: C:\Users\Jesus Fernandez\Desktop\Race-Core-Studio\Casparcg/cef-cache
[2026-08-08 13:59:51.938] [info]    Initialized html module.
[2026-08-08 13:59:51.939] [info]    Flash support is disabled
[2026-08-08 13:59:51.939] [info]    Initialized flash module.
[2026-08-08 13:59:51.942] [info]    Initialized bluefish module.
[2026-08-08 13:59:51.942] [info]    Initialized modules.
[2026-08-08 13:59:51.942] [info]    Screen consumer [1|1080p6000] Using frame copied to host for rendering.
[2026-08-08 13:59:51.943] [info]    Screen consumer [1|1080p6000] Initialized.
[2026-08-08 13:59:52.165] [info]    oal[1|1080p6000] Initialized.
[2026-08-08 13:59:52.165] [info]    Initialized startup producers.
[2026-08-08 13:59:52.165] [info]    Initialized controllers.
[2026-08-08 13:59:52.167] [info]    Initialized osc.
[2026-08-08 14:13:35.139] [info]    Screen consumer [1|1080p6000] Uninitialized.
[2026-08-08 17:00:31.716] [info]    ############################################################################
[2026-08-08 17:00:31.718] [info]    CasparCG Server is distributed by the Swedish Broadcasting Corporation (SVT)
[2026-08-08 17:00:31.718] [info]    under the GNU General Public License GPLv3 or higher.
[2026-08-08 17:00:31.718] [info]    Please see LICENSE.TXT for details.
[2026-08-08 17:00:31.718] [info]    http://www.casparcg.com/
[2026-08-08 17:00:31.718] [info]    ############################################################################
[2026-08-08 17:00:31.718] [info]    Starting CasparCG Video and Graphics Playout Server 2.5.0 69e8ad5 Stable
[2026-08-08 17:00:31.722] [info]    "C:/Users\Jesus Fernandez\Desktop\Race-Core-Studio\Casparcg\casparcg.config":
[2026-08-08 17:00:31.722] [info]    -----------------------------------------
[2026-08-08 17:00:31.722] [info]    <?xml version="1.0" encoding="utf-8"?>
[2026-08-08 17:00:31.722] [info]    <configuration>
[2026-08-08 17:00:31.722] [info]       <paths>
[2026-08-08 17:00:31.722] [info]          <media-path>media/</media-path>
[2026-08-08 17:00:31.722] [info]          <log-path disable="false">log/</log-path>
[2026-08-08 17:00:31.722] [info]          <data-path>data/</data-path>
[2026-08-08 17:00:31.722] [info]          <template-path>template/</template-path>
[2026-08-08 17:00:31.722] [info]       </paths>
[2026-08-08 17:00:31.722] [info]       <lock-clear-phrase>secret</lock-clear-phrase>
[2026-08-08 17:00:31.722] [info]       <channels>
[2026-08-08 17:00:31.722] [info]          <channel>
[2026-08-08 17:00:31.722] [info]             <video-mode>1080p6000</video-mode>
[2026-08-08 17:00:31.722] [info]             <consumers>
[2026-08-08 17:00:31.722] [info]                <screen/>
[2026-08-08 17:00:31.722] [info]                <system-audio/>
[2026-08-08 17:00:31.722] [info]             </consumers>
[2026-08-08 17:00:31.722] [info]          </channel>
[2026-08-08 17:00:31.722] [info]       </channels>
[2026-08-08 17:00:31.722] [info]       <controllers>
[2026-08-08 17:00:31.722] [info]          <tcp>
[2026-08-08 17:00:31.722] [info]             <port>5250</port>
[2026-08-08 17:00:31.722] [info]             <protocol>AMCP</protocol>
[2026-08-08 17:00:31.722] [info]          </tcp>
[2026-08-08 17:00:31.722] [info]       </controllers>
[2026-08-08 17:00:31.722] [info]       <amcp>
[2026-08-08 17:00:31.722] [info]          <media-server>
[2026-08-08 17:00:31.722] [info]             <host>localhost</host>
[2026-08-08 17:00:31.722] [info]             <port>8000</port>
[2026-08-08 17:00:31.722] [info]          </media-server>
[2026-08-08 17:00:31.722] [info]       </amcp>
[2026-08-08 17:00:31.722] [info]    </configuration>
[2026-08-08 17:00:31.722] [info]    -----------------------------------------
[2026-08-08 17:00:31.722] [info]    Initialized video modes.
[2026-08-08 17:00:32.613] [info]    Initializing OpenGL Device (sfml).
[2026-08-08 17:00:32.613] [info]    Initializing OpenGL Device.
[2026-08-08 17:00:32.619] [info]    Initialized OpenGL 4.5.0 NVIDIA 596.08 NVIDIA Corporation
[2026-08-08 17:00:32.681] [info]    Initialized OpenGL Accelerated GPU Image Mixer for channel 1
[2026-08-08 17:00:32.684] [info]    video_channel[1|1080p6000] Successfully Initialized.
[2026-08-08 17:00:32.684] [info]    Initialized channels.
[2026-08-08 17:00:32.686] [info]    Initialized command repository.
[2026-08-08 17:00:32.686] [info]    Initialized image module.
[2026-08-08 17:00:32.686] [info]    Initialized ffmpeg module.
[2026-08-08 17:00:32.686] [info]    Initialized oal module.
[2026-08-08 17:00:32.697] [info]    Initialized decklink module.
[2026-08-08 17:00:32.697] [info]    Initialized screen module.
[2026-08-08 17:00:32.697] [info]    Initialized newtek module.
[2026-08-08 17:00:32.698] [info]    Initialized artnet module.
[2026-08-08 17:00:32.698] [info]    [html] Using CEF cache path: C:\Users\Jesus Fernandez\Desktop\Race-Core-Studio\Casparcg/cef-cache
[2026-08-08 17:00:33.336] [info]    Initialized html module.
[2026-08-08 17:00:33.336] [info]    Flash support is disabled
[2026-08-08 17:00:33.337] [info]    Initialized flash module.
[2026-08-08 17:00:33.340] [info]    Initialized bluefish module.
[2026-08-08 17:00:33.340] [info]    Initialized modules.
[2026-08-08 17:00:33.340] [info]    Screen consumer [1|1080p6000] Using frame copied to host for rendering.
[2026-08-08 17:00:33.341] [info]    Screen consumer [1|1080p6000] Initialized.
[2026-08-08 17:00:33.688] [info]    oal[1|1080p6000] Initialized.
[2026-08-08 17:00:33.688] [info]    Initialized startup producers.
[2026-08-08 17:00:33.688] [info]    Initialized controllers.
[2026-08-08 17:00:33.689] [info]    Initialized osc.
[2026-08-08 19:29:50.613] [info]    Screen consumer [1|1080p6000] Uninitialized.
[2026-08-08 19:29:59.183] [fatal]   #######################
[2026-08-08 19:29:59.183] [fatal]    UNHANDLED EXCEPTION: 
[2026-08-08 19:29:59.183] [fatal]   Address:00007FFFB68E1832
[2026-08-08 19:29:59.183] [fatal]   Code:2147483651
[2026-08-08 19:29:59.183] [fatal]   Flag:0
[2026-08-08 19:29:59.183] [fatal]   Info:249811690000
[2026-08-08 19:29:59.183] [fatal]   Continuing execution. 
[2026-08-08 19:29:59.183] [fatal]   #######################
